Job 76566 on gpu01; shard 1/2; splits=train test; limit=1000; started Mon Sep 14 04:44:32 PM UTC 2026
Mon Sep 14 16:44:32 2026       
+-----------------------------------------------------------------------------+
| NVIDIA-SMI 525.147.05   Driver Version: 525.147.05   CUDA Version: 12.0     |
|-------------------------------+----------------------+----------------------+
| GPU  Name        Persistence-M| Bus-Id        Disp.A | Volatile Uncorr. ECC |
| Fan  Temp  Perf  Pwr:Usage/Cap|         Memory-Usage | GPU-Util  Compute M. |
|                               |                      |               MIG M. |
|===============================+======================+======================|
|   0  NVIDIA A100-SXM...  On   | 00000000:47:00.0 Off |                    0 |
| N/A   27C    P0    53W / 400W |      0MiB / 40960MiB |      0%      Default |
|                               |                      |             Disabled |
+-------------------------------+----------------------+----------------------+
                                                                               
+-----------------------------------------------------------------------------+
| Processes:                                                                  |
|  GPU   GI   CI        PID   Type   Process name                  GPU Memory |
|        ID   ID                                                   Usage      |
|=============================================================================|
|  No running processes found                                                 |
+-----------------------------------------------------------------------------+
[shard 1/2] 499 assigned, 499 remaining of 998 total
[transformers] `torch_dtype` is deprecated! Use `dtype` instead!
Loading weights:   0%|          | 0/730 [00:00<?, ?it/s]Loading weights:  55%|█████▌    | 405/730 [00:00<00:00, 4028.72it/s]Loading weights: 100%|██████████| 730/730 [00:00<00:00, 3763.30it/s]
Traceback (most recent call last):
  File "/media/lhbac29/valik/repro/caption.py", line 143, in <module>
    main()
  File "/media/lhbac29/valik/repro/caption.py", line 82, in main
    ).to("cuda")
  File "/media/lhbac29/miniconda3/envs/python310/lib/python3.10/site-packages/transformers/modeling_utils.py", line 3706, in to
    return super().to(*args, **kwargs)
  File "/media/lhbac29/miniconda3/envs/python310/lib/python3.10/site-packages/torch/nn/modules/module.py", line 1383, in to
    return self._apply(convert)
  File "/media/lhbac29/miniconda3/envs/python310/lib/python3.10/site-packages/torch/nn/modules/module.py", line 933, in _apply
    module._apply(fn)
  File "/media/lhbac29/miniconda3/envs/python310/lib/python3.10/site-packages/torch/nn/modules/module.py", line 933, in _apply
    module._apply(fn)
  File "/media/lhbac29/miniconda3/envs/python310/lib/python3.10/site-packages/torch/nn/modules/module.py", line 933, in _apply
    module._apply(fn)
  [Previous line repeated 1 more time]
  File "/media/lhbac29/miniconda3/envs/python310/lib/python3.10/site-packages/torch/nn/modules/module.py", line 964, in _apply
    param_applied = fn(param)
  File "/media/lhbac29/miniconda3/envs/python310/lib/python3.10/site-packages/torch/nn/modules/module.py", line 1369, in convert
    return t.to(
  File "/media/lhbac29/miniconda3/envs/python310/lib/python3.10/site-packages/torch/cuda/__init__.py", line 529, in _lazy_init
    torch._C._cuda_init()
RuntimeError: The NVIDIA driver on your system is too old (found version 12000). Please update your GPU driver by downloading and installing a new version from the URL: http://www.nvidia.com/Download/index.aspx Alternatively, go to: https://pytorch.org to install a PyTorch version that has been compiled with your version of the CUDA driver.
