Job 76978 on gpu02; shard 1/2; splits=train test; limit=1000; started Mon Sep 21 01:25:13 PM +07 2026
Mon Sep 21 13:25:13 2026       
+-----------------------------------------------------------------------------------------+
| NVIDIA-SMI 555.42.02              Driver Version: 555.42.02      CUDA Version: 12.5     |
|-----------------------------------------+------------------------+----------------------+
| GPU  Name                 Persistence-M | Bus-Id          Disp.A | Volatile Uncorr. ECC |
| Fan  Temp   Perf          Pwr:Usage/Cap |           Memory-Usage | GPU-Util  Compute M. |
|                                         |                        |               MIG M. |
|=========================================+========================+======================|
|   0  NVIDIA A100-PCIE-40GB          Off |   00000000:63:00.0 Off |                    0 |
| N/A   30C    P0             34W /  250W |       1MiB /  40960MiB |      0%      Default |
|                                         |                        |             Disabled |
+-----------------------------------------+------------------------+----------------------+
                                                                                         
+-----------------------------------------------------------------------------------------+
| Processes:                                                                              |
|  GPU   GI   CI        PID   Type   Process name                              GPU Memory |
|        ID   ID                                                               Usage      |
|=========================================================================================|
|  No running processes found                                                             |
+-----------------------------------------------------------------------------------------+
=== cuda ok on gpu02: NVIDIA A100-PCIE-40GB, torch 2.5.1+cu124 (built for CUDA 12.4)
[shard 1/2] 499 assigned, 499 remaining of 998 total
Using a slow image processor as `use_fast` is unset and a slow processor was saved with this model. `use_fast=True` will be the default behavior in v4.48, even if the model was saved with a slow processor. This will result in minor differences in outputs. You'll still be able to use a slow processor with `use_fast=False`.
Loading checkpoint shards:   0%|          | 0/5 [00:00<?, ?it/s]Loading checkpoint shards:  20%|██        | 1/5 [00:15<01:01, 15.41s/it]Loading checkpoint shards:  40%|████      | 2/5 [00:19<00:25,  8.46s/it]Loading checkpoint shards:  60%|██████    | 3/5 [00:22<00:12,  6.20s/it]Loading checkpoint shards:  80%|████████  | 4/5 [00:30<00:06,  6.93s/it]Loading checkpoint shards: 100%|██████████| 5/5 [00:30<00:00,  4.52s/it]Loading checkpoint shards: 100%|██████████| 5/5 [00:30<00:00,  6.16s/it]
/media/lhbac29/miniconda3/envs/python310/lib/python3.10/site-packages/transformers/generation/configuration_utils.py:629: UserWarning: `do_sample` is set to `False`. However, `temperature` is set to `0.01` -- this flag is only used in sample-based generation modes. You should set `do_sample=True` or unset `temperature`.
  warnings.warn(
/media/lhbac29/miniconda3/envs/python310/lib/python3.10/site-packages/transformers/generation/configuration_utils.py:634: UserWarning: `do_sample` is set to `False`. However, `top_p` is set to `0.001` -- this flag is only used in sample-based generation modes. You should set `do_sample=True` or unset `top_p`.
  warnings.warn(
/media/lhbac29/miniconda3/envs/python310/lib/python3.10/site-packages/transformers/generation/configuration_utils.py:651: UserWarning: `do_sample` is set to `False`. However, `top_k` is set to `1` -- this flag is only used in sample-based generation modes. You should set `do_sample=True` or unset `top_k`.
  warnings.warn(
  50/499  0.16 img/s  ETA 48 min
  100/499  0.16 img/s  ETA 42 min
  150/499  0.17 img/s  ETA 35 min
  200/499  0.17 img/s  ETA 30 min
  250/499  0.17 img/s  ETA 25 min
  300/499  0.17 img/s  ETA 19 min
  350/499  0.18 img/s  ETA 14 min
  400/499  0.18 img/s  ETA 9 min
  450/499  0.18 img/s  ETA 4 min
shard 1 done in 45.6 min
Finished Mon Sep 21 02:49:18 PM +07 2026
