Job 77018 on gpu02; shard 0/2; tau=0.20; limit=1000; started Mon Sep 21 09:29:26 PM +07 2026
Mon Sep 21 21:29:26 2026       
+-----------------------------------------------------------------------------------------+
| NVIDIA-SMI 555.42.02              Driver Version: 555.42.02      CUDA Version: 12.5     |
|-----------------------------------------+------------------------+----------------------+
| GPU  Name                 Persistence-M | Bus-Id          Disp.A | Volatile Uncorr. ECC |
| Fan  Temp   Perf          Pwr:Usage/Cap |           Memory-Usage | GPU-Util  Compute M. |
|                                         |                        |               MIG M. |
|=========================================+========================+======================|
|   0  NVIDIA A100-PCIE-40GB          Off |   00000000:64:00.0 Off |                    0 |
| N/A   30C    P0             31W /  250W |       1MiB /  40960MiB |      0%      Default |
|                                         |                        |             Disabled |
+-----------------------------------------+------------------------+----------------------+
                                                                                         
+-----------------------------------------------------------------------------------------+
| Processes:                                                                              |
|  GPU   GI   CI        PID   Type   Process name                              GPU Memory |
|        ID   ID                                                               Usage      |
|=========================================================================================|
|  No running processes found                                                             |
+-----------------------------------------------------------------------------------------+
=== cuda ok on gpu02: NVIDIA A100-PCIE-40GB, torch 2.5.1+cu124 (built for CUDA 12.4)
[shard 0/2] 499 assigned, 499 remaining
  200/499  kept 81.5%
  400/499  kept 79.4%
shard 0: 499 files, kept 4066/5150 (79.0%) sentences, 7 fully-pruned files restored, 0 skipped for a missing image.txt
Finished Mon Sep 21 09:34:15 PM +07 2026
